=== RUN   TestAppend
=== RUN   TestAppend/append_data_only
=== RUN   TestAppend/append_with_metadata
=== RUN   TestAppend/append_with_vector
    assert.go:12: failed to append vector: invalid vector length: expected 768, got 4
=== RUN   TestAppend/append_with_tags
=== RUN   TestAppend/append_with_group
    assert.go:12: failed to assign to group: invalid group ID: 1
=== RUN   TestAppend/append_complete_item
    assert.go:12: failed to append vector: invalid vector length: expected 768, got 3
=== RUN   TestAppend/append_empty_data
--- FAIL: TestAppend (0.00s)
    --- PASS: TestAppend/append_data_only (0.00s)
    --- PASS: TestAppend/append_with_metadata (0.00s)
    --- FAIL: TestAppend/append_with_vector (0.00s)
    --- PASS: TestAppend/append_with_tags (0.00s)
    --- FAIL: TestAppend/append_with_group (0.00s)
    --- FAIL: TestAppend/append_complete_item (0.00s)
    --- PASS: TestAppend/append_empty_data (0.00s)
=== RUN   TestAppendMultipleItems
--- PASS: TestAppendMultipleItems (0.00s)
=== RUN   TestAppendWithVectorEmptySlice
--- PASS: TestAppendWithVectorEmptySlice (0.00s)
=== RUN   TestAppendWithEmptyTags
--- PASS: TestAppendWithEmptyTags (0.00s)
=== RUN   TestAppendWithGroupNilOrZero
--- PASS: TestAppendWithGroupNilOrZero (0.00s)
=== RUN   TestAppendSequentialIDs
--- PASS: TestAppendSequentialIDs (0.00s)
=== RUN   TestAppendAfterFlush
--- PASS: TestAppendAfterFlush (0.00s)
=== RUN   TestOpen
=== RUN   TestOpen/create_new_dataset_with_default_options
=== RUN   TestOpen/create_dataset_with_custom_options
--- PASS: TestOpen (0.00s)
    --- PASS: TestOpen/create_new_dataset_with_default_options (0.00s)
    --- PASS: TestOpen/create_dataset_with_custom_options (0.00s)
=== RUN   TestDatasetLocking
--- PASS: TestDatasetLocking (0.00s)
=== RUN   TestClose
--- PASS: TestClose (0.00s)
=== RUN   TestOperationsOnClosedDataset
--- PASS: TestOperationsOnClosedDataset (0.00s)
=== RUN   TestFlush
    assert.go:12: failed to append vector: invalid vector length: expected 768, got 3
--- FAIL: TestFlush (0.00s)
=== RUN   TestTruncate
--- PASS: TestTruncate (0.00s)
=== RUN   TestCount
--- PASS: TestCount (0.00s)
=== RUN   TestIsPersisted
--- PASS: TestIsPersisted (0.00s)
=== RUN   TestEnsureDir
=== RUN   TestEnsureDir/create_new_directory
=== RUN   TestEnsureDir/directory_already_exists
=== RUN   TestEnsureDir/path_is_a_file,_not_directory
--- PASS: TestEnsureDir (0.00s)
    --- PASS: TestEnsureDir/create_new_directory (0.00s)
    --- PASS: TestEnsureDir/directory_already_exists (0.00s)
    --- PASS: TestEnsureDir/path_is_a_file,_not_directory (0.00s)
=== RUN   TestDataIterator
--- PASS: TestDataIterator (0.00s)
=== RUN   TestDataIteratorEmpty
--- PASS: TestDataIteratorEmpty (0.00s)
=== RUN   TestDataIteratorEarlyBreak
--- PASS: TestDataIteratorEarlyBreak (0.00s)
=== RUN   TestMetaDataIterator
--- PASS: TestMetaDataIterator (0.01s)
=== RUN   TestMetaDataIteratorEmpty
--- PASS: TestMetaDataIteratorEmpty (0.00s)
=== RUN   TestMetaDataIteratorSkipsItemsWithoutMeta
--- PASS: TestMetaDataIteratorSkipsItemsWithoutMeta (0.00s)
=== RUN   TestVectorsIterator
    assert.go:12: failed to append vector: invalid vector length: expected 768, got 3
--- FAIL: TestVectorsIterator (0.00s)
=== RUN   TestVectorsIteratorEmpty
--- PASS: TestVectorsIteratorEmpty (0.00s)
=== RUN   TestVectorsIteratorEarlyBreak
    assert.go:12: failed to append vector: invalid vector length: expected 768, got 3
--- FAIL: TestVectorsIteratorEarlyBreak (0.00s)
=== RUN   TestIteratorsAfterFlush
    assert.go:12: failed to append vector: invalid vector length: expected 768, got 3
--- FAIL: TestIteratorsAfterFlush (0.00s)
=== RUN   TestIteratorsOnClosedDataset
    assert.go:12: failed to append vector: invalid vector length: expected 768, got 3
--- FAIL: TestIteratorsOnClosedDataset (0.00s)
=== RUN   TestDataIteratorWithEmptyData
    assert.go:33: expected 1, got 0
--- FAIL: TestDataIteratorWithEmptyData (0.00s)
=== RUN   TestMultipleIteratorsConcurrently
    assert.go:12: failed to append vector: invalid vector length: expected 768, got 3
--- FAIL: TestMultipleIteratorsConcurrently (0.00s)
=== RUN   TestDefaultOptions
--- PASS: TestDefaultOptions (0.00s)
=== RUN   TestDefaultConstants
--- PASS: TestDefaultConstants (0.00s)
=== RUN   TestCustomOptions
--- PASS: TestCustomOptions (0.00s)
=== RUN   TestOptionsWithZeroValues
--- PASS: TestOptionsWithZeroValues (0.00s)
=== RUN   TestOptionsWithLargeValues
--- PASS: TestOptionsWithLargeValues (0.00s)
=== RUN   TestOptionsVectorSize
=== RUN   TestOptionsVectorSize/small_vector_size
=== RUN   TestOptionsVectorSize/default_vector_size
=== RUN   TestOptionsVectorSize/large_vector_size
--- PASS: TestOptionsVectorSize (0.00s)
    --- PASS: TestOptionsVectorSize/small_vector_size (0.00s)
    --- PASS: TestOptionsVectorSize/default_vector_size (0.00s)
    --- PASS: TestOptionsVectorSize/large_vector_size (0.00s)
=== RUN   TestOptionsBufferSizes
    assert.go:12: failed to append vector: invalid vector length: expected 768, got 3
--- FAIL: TestOptionsBufferSizes (0.00s)
=== RUN   TestOptionsIndependence
--- PASS: TestOptionsIndependence (0.00s)
=== RUN   TestRead
    assert.go:12: failed to append vector: invalid vector length: expected 768, got 3
--- FAIL: TestRead (0.00s)
=== RUN   TestReadNonExistentID
--- PASS: TestReadNonExistentID (0.00s)
=== RUN   TestReadAfterFlush
--- PASS: TestReadAfterFlush (0.00s)
=== RUN   TestReadMultipleItems
--- PASS: TestReadMultipleItems (0.00s)
=== RUN   TestReadWithEmptyData
--- PASS: TestReadWithEmptyData (0.00s)
=== RUN   TestReadWithNoVector
    assert.go:12: failed to read vector: index out of bounds: 0
--- FAIL: TestReadWithNoVector (0.00s)
=== RUN   TestReadWithNoTags
--- PASS: TestReadWithNoTags (0.00s)
=== RUN   TestReadWithNoGroup
--- PASS: TestReadWithNoGroup (0.00s)
=== RUN   TestReadOptionsHas
=== RUN   TestReadOptionsHas/has_data
=== RUN   TestReadOptionsHas/has_meta
=== RUN   TestReadOptionsHas/has_vector
=== RUN   TestReadOptionsHas/has_tags
=== RUN   TestReadOptionsHas/has_group
=== RUN   TestReadOptionsHas/does_not_have_data
=== RUN   TestReadOptionsHas/combined_has_data
=== RUN   TestReadOptionsHas/combined_has_meta
=== RUN   TestReadOptionsHas/combined_does_not_have_vector
=== RUN   TestReadOptionsHas/all_has_everything
=== RUN   TestReadOptionsHas/zero_has_nothing
--- PASS: TestReadOptionsHas (0.00s)
    --- PASS: TestReadOptionsHas/has_data (0.00s)
    --- PASS: TestReadOptionsHas/has_meta (0.00s)
    --- PASS: TestReadOptionsHas/has_vector (0.00s)
    --- PASS: TestReadOptionsHas/has_tags (0.00s)
    --- PASS: TestReadOptionsHas/has_group (0.00s)
    --- PASS: TestReadOptionsHas/does_not_have_data (0.00s)
    --- PASS: TestReadOptionsHas/combined_has_data (0.00s)
    --- PASS: TestReadOptionsHas/combined_has_meta (0.00s)
    --- PASS: TestReadOptionsHas/combined_does_not_have_vector (0.00s)
    --- PASS: TestReadOptionsHas/all_has_everything (0.00s)
    --- PASS: TestReadOptionsHas/zero_has_nothing (0.00s)
=== RUN   TestAllReadOptions
--- PASS: TestAllReadOptions (0.00s)
=== RUN   TestAddTags
--- PASS: TestAddTags (0.00s)
=== RUN   TestAddTagsInvalidID
--- PASS: TestAddTagsInvalidID (0.00s)
=== RUN   TestRemoveTags
--- PASS: TestRemoveTags (0.00s)
=== RUN   TestRemoveTagsInvalidID
--- PASS: TestRemoveTagsInvalidID (0.00s)
=== RUN   TestGetIDsByTag
--- PASS: TestGetIDsByTag (0.00s)
=== RUN   TestGetIDsByTagCaseInsensitive
--- PASS: TestGetIDsByTagCaseInsensitive (0.00s)
=== RUN   TestGetTagsByID
--- PASS: TestGetTagsByID (0.00s)
=== RUN   TestGetTagsByIDInvalidID
--- PASS: TestGetTagsByIDInvalidID (0.00s)
=== RUN   TestGetTagsByIDNoTags
--- PASS: TestGetTagsByIDNoTags (0.00s)
=== RUN   TestTagsAfterFlush
--- PASS: TestTagsAfterFlush (0.00s)
=== RUN   TestMultipleItemsSameTags
--- PASS: TestMultipleItemsSameTags (0.00s)
=== RUN   TestAddDuplicateTag
--- PASS: TestAddDuplicateTag (0.00s)
FAIL
FAIL	github.com/webzak/mindstore/db/dataset	0.072s
FAIL
